// Jest Snapshot v1, https://goo.gl/fbAQLP

exports[`Main Branch react-snapshot 1`] = `
Array [
  <input
    data-testid="input_val"
    onChange={[Function]}
    type="text"
    value=""
  />,
  <div
    data-testid="stateid"
  >
    0
  </div>,
  <button
    className="btnstyle"
    data-testid="button"
    onClick={[Function]}
  >
    So 
  </button>,
  <button>
    Added button
  </button>,
  <button
    onClick={[Function]}
  >
    0
  </button>,
  <button
    onClick={[Function]}
  >
    1
  </button>,
  <button
    onClick={[Function]}
  >
    2
  </button>,
  <button
    onClick={[Function]}
  >
    3
  </button>,
  <button
    onClick={[Function]}
  >
    4
  </button>,
  <button
    onClick={[Function]}
  >
    5
  </button>,
  <button
    onClick={[Function]}
  >
    6
  </button>,
  <button
    onClick={[Function]}
  >
    7
  </button>,
  <button
    onClick={[Function]}
  >
    8
  </button>,
  <button
    onClick={[Function]}
  >
    9
  </button>,
  <button
    onClick={[Function]}
  >
    +
  </button>,
  <button
    onClick={[Function]}
  >
    -
  </button>,
  <button
    onClick={[Function]}
  >
    X
  </button>,
  <button
    onClick={[Function]}
  >
    =
  </button>,
]
`;
